../Core/Src/sim800.c:7:6:InitSIM	24	static
../Core/Src/sim800.c:25:6:EnviarComandoAT	24	static
../Core/Src/sim800.c:32:6:Enviar	24	static
../Core/Src/sim800.c:38:5:WaitForAnswer	24	static
../Core/Src/sim800.c:62:5:isConnected	24	static
../Core/Src/sim800.c:77:6:InitGPRS	16	static
../Core/Src/sim800.c:95:6:EnviarAT	16	static
../Core/Src/sim800.c:100:6:TestGPRS	328	static
../Core/Src/sim800.c:123:6:SendTCPtoIP	224	static
../Core/Src/sim800.c:150:6:Listen	16	static
../Core/Src/sim800.c:155:6:ConsultarSignal	16	static
../Core/Src/sim800.c:160:6:ConsultarEstadoSIM	16	static
../Core/Src/sim800.c:165:6:ListarRedesDisponibles	16	static
../Core/Src/sim800.c:171:6:EnviarSMS	80	static
../Core/Src/sim800.c:184:6:ListarSMS	16	static
../Core/Src/sim800.c:190:6:BorrarAllSMS	16	static
../Core/Src/sim800.c:195:6:LeerSMS_i	80	static
../Core/Src/sim800.c:202:5:ListenSMS	24	static
../Core/Src/sim800.c:213:6:Imprimir_respuesta	16	static
../Core/Src/sim800.c:218:6:Borrar_respuesta	16	static
../Core/Src/sim800.c:223:5:ExtraerIndiceCMTI	24	static
../Core/Src/sim800.c:233:6:ExtraerTextoDeSMS	40	static
../Core/Src/sim800.c:257:6:SerialDebug	32	static
