../Core/Src/sim800.c:7:6:InitSIM	24	static
../Core/Src/sim800.c:23:6:EnviarComandoAT	24	static
../Core/Src/sim800.c:30:6:Enviar	24	static
../Core/Src/sim800.c:36:5:WaitForAnswer	24	static
../Core/Src/sim800.c:60:5:isConnected	24	static
../Core/Src/sim800.c:75:6:InitGPRS	16	static
../Core/Src/sim800.c:94:6:EnviarAT	16	static
../Core/Src/sim800.c:99:6:TestGPRS	328	static
../Core/Src/sim800.c:121:6:SendTCPtoIP	224	static
../Core/Src/sim800.c:138:6:Listen	16	static
../Core/Src/sim800.c:144:6:EnviarPuertoSerie	72	static
../Core/Src/sim800.c:157:6:ConsultarSignal	16	static
../Core/Src/sim800.c:162:6:ConsultarEstadoSIM	16	static
../Core/Src/sim800.c:167:6:ListarRedesDisponibles	16	static
../Core/Src/sim800.c:173:6:EnviarSMS	80	static
../Core/Src/sim800.c:186:6:ListarSMS	16	static
../Core/Src/sim800.c:192:6:BorrarAllSMS	16	static
../Core/Src/sim800.c:197:6:LeerSMS_i	80	static
../Core/Src/sim800.c:204:5:ListenSMS	24	static
../Core/Src/sim800.c:215:6:Imprimir_respuesta	16	static
../Core/Src/sim800.c:220:6:Borrar_respuesta	16	static
../Core/Src/sim800.c:225:5:ExtraerIndiceCMTI	24	static
../Core/Src/sim800.c:235:6:ExtraerTextoDeSMS	40	static
