../Core/Src/sim800.c:7:6:InitSIM	24	static
../Core/Src/sim800.c:25:6:EnviarComandoAT	24	static
../Core/Src/sim800.c:32:6:Enviar	24	static
../Core/Src/sim800.c:38:5:WaitForAnswer	24	static
../Core/Src/sim800.c:62:5:isConnected	24	static
../Core/Src/sim800.c:77:6:InitGPRS	16	static
../Core/Src/sim800.c:95:6:EnviarAT	16	static
../Core/Src/sim800.c:100:6:TestGPRS	328	static
../Core/Src/sim800.c:123:6:SendTCPtoIP	224	static
../Core/Src/sim800.c:150:6:Listen	16	static
../Core/Src/sim800.c:156:6:EnviarPuertoSerie	72	static
../Core/Src/sim800.c:169:6:ConsultarSignal	16	static
../Core/Src/sim800.c:174:6:ConsultarEstadoSIM	16	static
../Core/Src/sim800.c:179:6:ListarRedesDisponibles	16	static
../Core/Src/sim800.c:185:6:EnviarSMS	80	static
../Core/Src/sim800.c:198:6:ListarSMS	16	static
../Core/Src/sim800.c:204:6:BorrarAllSMS	16	static
../Core/Src/sim800.c:209:6:LeerSMS_i	80	static
../Core/Src/sim800.c:216:5:ListenSMS	24	static
../Core/Src/sim800.c:227:6:Imprimir_respuesta	16	static
../Core/Src/sim800.c:232:6:Borrar_respuesta	16	static
../Core/Src/sim800.c:237:5:ExtraerIndiceCMTI	24	static
../Core/Src/sim800.c:247:6:ExtraerTextoDeSMS	40	static
